Archive member included to satisfy reference by file (symbol)

../bootloaderSupport/libbootloaderSupport_boot.a(bootloader_init.c.obj)
                              CMakeFiles/bootloader.dir/home/paolo/esp2866/espressif/ESP8266_RTOS_SDK/components/bootloader/subproject/main/bootloader_start.c.obj (bootloader_init)
../bootloaderSupport/libbootloaderSupport_boot.a(bootloader_utility.c.obj)
                              CMakeFiles/bootloader.dir/home/paolo/esp2866/espressif/ESP8266_RTOS_SDK/components/bootloader/subproject/main/bootloader_start.c.obj (bootloader_utility_load_partition_table)
../bootloaderSupport/libbootloaderSupport_boot.a(bootloader_common.c.obj)
                              ../bootloaderSupport/libbootloaderSupport_boot.a(bootloader_utility.c.obj) (bootloader_common_ota_select_valid)
../bootloaderSupport/libbootloaderSupport_boot.a(flash_partitions.c.obj)
                              ../bootloaderSupport/libbootloaderSupport_boot.a(bootloader_utility.c.obj) (esp_partition_table_basic_verify)
../bootloaderSupport/libbootloaderSupport_boot.a(esp_image_format.c.obj)
                              ../bootloaderSupport/libbootloaderSupport_boot.a(bootloader_utility.c.obj) (esp_image_load)
../bootloaderSupport/libbootloaderSupport_boot.a(bootloader_flash.c.obj)
                              ../bootloaderSupport/libbootloaderSupport_boot.a(bootloader_utility.c.obj) (bootloader_mmap)
../log/liblog_boot.a(log.c.obj)
                              CMakeFiles/bootloader.dir/home/paolo/esp2866/espressif/ESP8266_RTOS_SDK/components/bootloader/subproject/main/bootloader_start.c.obj (esp_early_log_write)
../esp8266/libesp8266_boot.a(ets_printf.c.obj)
                              ../log/liblog_boot.a(log.c.obj) (ets_vprintf)
../util/libutil.a(crc.c.obj)  ../bootloaderSupport/libbootloaderSupport_boot.a(bootloader_common.c.obj) (crc32_le)
/home/paolo/esp2866/esp-open-sdk/xtensa-lx106-elf/lib/gcc/xtensa-lx106-elf/4.8.5/libgcc.a(_udivsi3.o)
                              ../log/liblog_boot.a(log.c.obj) (__udivsi3)
/home/paolo/esp2866/esp-open-sdk/xtensa-lx106-elf/lib/gcc/xtensa-lx106-elf/4.8.5/libgcc.a(_umodsi3.o)
                              ../bootloaderSupport/libbootloaderSupport_boot.a(bootloader_utility.c.obj) (__umodsi3)

Allocating common symbols
Common symbol       size              file

esp_image_spi_freq_t
                    0x4               CMakeFiles/bootloader.dir/home/paolo/esp2866/espressif/ESP8266_RTOS_SDK/components/bootloader/subproject/main/bootloader_start.c.obj

Discarded input sections

 .text          0x0000000000000000        0x0 CMakeFiles/bootloader.dir/home/paolo/esp2866/espressif/ESP8266_RTOS_SDK/components/bootloader/subproject/main/bootloader_start.c.obj
 .data          0x0000000000000000        0x0 CMakeFiles/bootloader.dir/home/paolo/esp2866/espressif/ESP8266_RTOS_SDK/components/bootloader/subproject/main/bootloader_start.c.obj
 .bss           0x0000000000000000        0x0 CMakeFiles/bootloader.dir/home/paolo/esp2866/espressif/ESP8266_RTOS_SDK/components/bootloader/subproject/main/bootloader_start.c.obj
 .xt.lit        0x0000000000000000        0x8 CMakeFiles/bootloader.dir/home/paolo/esp2866/espressif/ESP8266_RTOS_SDK/components/bootloader/subproject/main/bootloader_start.c.obj
 .xt.prop       0x0000000000000000       0x54 CMakeFiles/bootloader.dir/home/paolo/esp2866/espressif/ESP8266_RTOS_SDK/components/bootloader/subproject/main/bootloader_start.c.obj
 COMMON         0x0000000000000000        0x4 CMakeFiles/bootloader.dir/home/paolo/esp2866/espressif/ESP8266_RTOS_SDK/components/bootloader/subproject/main/bootloader_start.c.obj
 .text          0x0000000000000000        0x0 ../bootloaderSupport/libbootloaderSupport_boot.a(bootloader_init.c.obj)
 .data          0x0000000000000000        0x0 ../bootloaderSupport/libbootloaderSupport_boot.a(bootloader_init.c.obj)
 .bss           0x0000000000000000        0x0 ../bootloaderSupport/libbootloaderSupport_boot.a(bootloader_init.c.obj)
 .xt.lit        0x0000000000000000        0x8 ../bootloaderSupport/libbootloaderSupport_boot.a(bootloader_init.c.obj)
 .xt.prop       0x0000000000000000       0x6c ../bootloaderSupport/libbootloaderSupport_boot.a(bootloader_init.c.obj)
 .text          0x0000000000000000        0x0 ../bootloaderSupport/libbootloaderSupport_boot.a(bootloader_utility.c.obj)
 .data          0x0000000000000000        0x0 ../bootloaderSupport/libbootloaderSupport_boot.a(bootloader_utility.c.obj)
 .bss           0x0000000000000000        0x0 ../bootloaderSupport/libbootloaderSupport_boot.a(bootloader_utility.c.obj)
 .xt.lit        0x0000000000000000       0x30 ../bootloaderSupport/libbootloaderSupport_boot.a(bootloader_utility.c.obj)
 .xt.prop       0x0000000000000000      0x4bc ../bootloaderSupport/libbootloaderSupport_boot.a(bootloader_utility.c.obj)
 .text          0x0000000000000000        0x0 ../bootloaderSupport/libbootloaderSupport_boot.a(bootloader_common.c.obj)
 .data          0x0000000000000000        0x0 ../bootloaderSupport/libbootloaderSupport_boot.a(bootloader_common.c.obj)
 .bss           0x0000000000000000        0x0 ../bootloaderSupport/libbootloaderSupport_boot.a(bootloader_common.c.obj)
 .xt.lit        0x0000000000000000       0x10 ../bootloaderSupport/libbootloaderSupport_boot.a(bootloader_common.c.obj)
 .xt.prop       0x0000000000000000       0x6c ../bootloaderSupport/libbootloaderSupport_boot.a(bootloader_common.c.obj)
 .text          0x0000000000000000        0x0 ../bootloaderSupport/libbootloaderSupport_boot.a(flash_partitions.c.obj)
 .data          0x0000000000000000        0x0 ../bootloaderSupport/libbootloaderSupport_boot.a(flash_partitions.c.obj)
 .bss           0x0000000000000000        0x0 ../bootloaderSupport/libbootloaderSupport_boot.a(flash_partitions.c.obj)
 .xt.lit        0x0000000000000000        0x8 ../bootloaderSupport/libbootloaderSupport_boot.a(flash_partitions.c.obj)
 .xt.prop       0x0000000000000000       0xc0 ../bootloaderSupport/libbootloaderSupport_boot.a(flash_partitions.c.obj)
 .literal.esp_image_verify_bootloader
                0x0000000000000000        0x8 ../bootloaderSupport/libbootloaderSupport_boot.a(esp_image_format.c.obj)
 .text          0x0000000000000000        0x0 ../bootloaderSupport/libbootloaderSupport_boot.a(esp_image_format.c.obj)
 .data          0x0000000000000000        0x0 ../bootloaderSupport/libbootloaderSupport_boot.a(esp_image_format.c.obj)
 .bss           0x0000000000000000        0x0 ../bootloaderSupport/libbootloaderSupport_boot.a(esp_image_format.c.obj)
 .text.esp_image_verify_bootloader
                0x0000000000000000       0x48 ../bootloaderSupport/libbootloaderSupport_boot.a(esp_image_format.c.obj)
 .xt.lit        0x0000000000000000       0x10 ../bootloaderSupport/libbootloaderSupport_boot.a(esp_image_format.c.obj)
 .xt.prop       0x0000000000000000      0x21c ../bootloaderSupport/libbootloaderSupport_boot.a(esp_image_format.c.obj)
 .literal.bootloader_flash_write
                0x0000000000000000       0x24 ../bootloaderSupport/libbootloaderSupport_boot.a(bootloader_flash.c.obj)
 .literal.bootloader_flash_erase_sector
                0x0000000000000000        0x4 ../bootloaderSupport/libbootloaderSupport_boot.a(bootloader_flash.c.obj)
 .text          0x0000000000000000        0x0 ../bootloaderSupport/libbootloaderSupport_boot.a(bootloader_flash.c.obj)
 .data          0x0000000000000000        0x0 ../bootloaderSupport/libbootloaderSupport_boot.a(bootloader_flash.c.obj)
 .bss           0x0000000000000000        0x0 ../bootloaderSupport/libbootloaderSupport_boot.a(bootloader_flash.c.obj)
 .text.bootloader_flash_write
                0x0000000000000000       0x91 ../bootloaderSupport/libbootloaderSupport_boot.a(bootloader_flash.c.obj)
 .text.bootloader_flash_erase_sector
                0x0000000000000000       0x15 ../bootloaderSupport/libbootloaderSupport_boot.a(bootloader_flash.c.obj)
 .xt.lit        0x0000000000000000       0x28 ../bootloaderSupport/libbootloaderSupport_boot.a(bootloader_flash.c.obj)
 .xt.prop       0x0000000000000000      0x1a4 ../bootloaderSupport/libbootloaderSupport_boot.a(bootloader_flash.c.obj)
 .text          0x0000000000000000        0x0 ../log/liblog_boot.a(log.c.obj)
 .data          0x0000000000000000        0x0 ../log/liblog_boot.a(log.c.obj)
 .bss           0x0000000000000000        0x0 ../log/liblog_boot.a(log.c.obj)
 .xt.lit        0x0000000000000000        0x8 ../log/liblog_boot.a(log.c.obj)
 .xt.prop       0x0000000000000000       0x3c ../log/liblog_boot.a(log.c.obj)
 .text          0x0000000000000000        0x0 ../esp8266/libesp8266_boot.a(ets_printf.c.obj)
 .data          0x0000000000000000        0x0 ../esp8266/libesp8266_boot.a(ets_printf.c.obj)
 .bss           0x0000000000000000        0x0 ../esp8266/libesp8266_boot.a(ets_printf.c.obj)
 .xt.lit        0x0000000000000000        0x8 ../esp8266/libesp8266_boot.a(ets_printf.c.obj)
 .xt.prop       0x0000000000000000       0x6c ../esp8266/libesp8266_boot.a(ets_printf.c.obj)
 .text          0x0000000000000000        0x0 ../util/libutil.a(crc.c.obj)
 .data          0x0000000000000000        0x0 ../util/libutil.a(crc.c.obj)
 .bss           0x0000000000000000        0x0 ../util/libutil.a(crc.c.obj)
 .text.esp_crc8
                0x0000000000000000       0x31 ../util/libutil.a(crc.c.obj)
 .xt.lit        0x0000000000000000        0x8 ../util/libutil.a(crc.c.obj)
 .xt.prop       0x0000000000000000       0xa8 ../util/libutil.a(crc.c.obj)
 .data          0x0000000000000000        0x0 /home/paolo/esp2866/esp-open-sdk/xtensa-lx106-elf/lib/gcc/xtensa-lx106-elf/4.8.5/libgcc.a(_udivsi3.o)
 .bss           0x0000000000000000        0x0 /home/paolo/esp2866/esp-open-sdk/xtensa-lx106-elf/lib/gcc/xtensa-lx106-elf/4.8.5/libgcc.a(_udivsi3.o)
 .xt.prop       0x0000000000000000       0x9c /home/paolo/esp2866/esp-open-sdk/xtensa-lx106-elf/lib/gcc/xtensa-lx106-elf/4.8.5/libgcc.a(_udivsi3.o)
 .data          0x0000000000000000        0x0 /home/paolo/esp2866/esp-open-sdk/xtensa-lx106-elf/lib/gcc/xtensa-lx106-elf/4.8.5/libgcc.a(_umodsi3.o)
 .bss           0x0000000000000000        0x0 /home/paolo/esp2866/esp-open-sdk/xtensa-lx106-elf/lib/gcc/xtensa-lx106-elf/4.8.5/libgcc.a(_umodsi3.o)
 .xt.prop       0x0000000000000000       0x78 /home/paolo/esp2866/esp-open-sdk/xtensa-lx106-elf/lib/gcc/xtensa-lx106-elf/4.8.5/libgcc.a(_umodsi3.o)

Memory Configuration

Name             Origin             Length             Attributes
dport0_seg       0x000000003ff00000 0x0000000000000010
dram_seg         0x000000003ffe8000 0x0000000000018000
iram_seg         0x0000000040100000 0x000000000000c000
*default*        0x0000000000000000 0xffffffffffffffff

Linker script and memory map

LOAD CMakeFiles/bootloader.dir/home/paolo/esp2866/espressif/ESP8266_RTOS_SDK/components/bootloader/subproject/main/bootloader_start.c.obj
START GROUP
LOAD ../bootloaderSupport/libbootloaderSupport_boot.a
LOAD ../log/liblog_boot.a
LOAD ../esp8266/libesp8266_boot.a
LOAD ../util/libutil.a
LOAD /home/paolo/esp2866/esp-open-sdk/xtensa-lx106-elf/lib/gcc/xtensa-lx106-elf/4.8.5/libgcc.a
LOAD /home/paolo/esp2866/esp-open-sdk/xtensa-lx106-elf/lib/gcc/xtensa-lx106-elf/4.8.5/../../../../xtensa-lx106-elf/lib/libstdc++.a
LOAD /home/paolo/esp2866/esp-open-sdk/xtensa-lx106-elf/lib/gcc/xtensa-lx106-elf/4.8.5/libgcov.a
END GROUP

.text           0x0000000040100000      0xd97
                0x0000000040100000                _stext = .
                0x0000000040100000                _text_start = ABSOLUTE (.)
                0x0000000040100000                . = ALIGN (0x10)
 *(.entry.text)
 *(.init.literal)
 *(.init)
 *(.literal .text .literal.* .text.* .stub .gnu.warning .gnu.linkonce.literal.* .gnu.linkonce.t.*.literal .gnu.linkonce.t.*)
 .literal.call_start_cpu
                0x0000000040100000        0xc CMakeFiles/bootloader.dir/home/paolo/esp2866/espressif/ESP8266_RTOS_SDK/components/bootloader/subproject/main/bootloader_start.c.obj
                                         0x24 (size before relaxing)
 .literal.bootloader_init
                0x000000004010000c       0x3c ../bootloaderSupport/libbootloaderSupport_boot.a(bootloader_init.c.obj)
                                         0x5c (size before relaxing)
 .literal.log_invalid_app_partition
                0x0000000040100048       0x14 ../bootloaderSupport/libbootloaderSupport_boot.a(bootloader_utility.c.obj)
                                         0x1c (size before relaxing)
 .literal.try_load_partition
                0x000000004010005c        0x4 ../bootloaderSupport/libbootloaderSupport_boot.a(bootloader_utility.c.obj)
                                         0x10 (size before relaxing)
 .literal.bootloader_utility_load_partition_table
                0x0000000040100060       0x48 ../bootloaderSupport/libbootloaderSupport_boot.a(bootloader_utility.c.obj)
                                         0x70 (size before relaxing)
 .literal.bootloader_utility_get_selected_boot_partition
                0x00000000401000a8       0x18 ../bootloaderSupport/libbootloaderSupport_boot.a(bootloader_utility.c.obj)
                                         0x50 (size before relaxing)
 .literal.bootloader_utility_load_boot_image
                0x00000000401000c0        0xc ../bootloaderSupport/libbootloaderSupport_boot.a(bootloader_utility.c.obj)
                                         0x3c (size before relaxing)
 .literal.bootloader_utility_load_image
                0x00000000401000cc       0x14 ../bootloaderSupport/libbootloaderSupport_boot.a(bootloader_utility.c.obj)
                                         0x1c (size before relaxing)
 .literal.bootloader_common_ota_select_crc
                0x00000000401000e0        0x0 ../bootloaderSupport/libbootloaderSupport_boot.a(bootloader_common.c.obj)
                                          0x4 (size before relaxing)
 .literal.bootloader_common_ota_select_valid
                0x00000000401000e0        0x0 ../bootloaderSupport/libbootloaderSupport_boot.a(bootloader_common.c.obj)
                                          0x4 (size before relaxing)
 .literal.esp_partition_table_basic_verify
                0x00000000401000e0       0x1c ../bootloaderSupport/libbootloaderSupport_boot.a(flash_partitions.c.obj)
                                         0x2c (size before relaxing)
 .literal.esp_image_load
                0x00000000401000fc       0x4c ../bootloaderSupport/libbootloaderSupport_boot.a(esp_image_format.c.obj)
                                         0x98 (size before relaxing)
 .literal.bootloader_mmap
                0x0000000040100148       0x14 ../bootloaderSupport/libbootloaderSupport_boot.a(bootloader_flash.c.obj)
                                         0x28 (size before relaxing)
 .literal.bootloader_munmap
                0x000000004010015c        0x0 ../bootloaderSupport/libbootloaderSupport_boot.a(bootloader_flash.c.obj)
                                          0x8 (size before relaxing)
 .literal.bootloader_flash_read
                0x000000004010015c       0x10 ../bootloaderSupport/libbootloaderSupport_boot.a(bootloader_flash.c.obj)
                                         0x18 (size before relaxing)
 .literal.crc32_le
                0x000000004010016c        0x4 ../util/libutil.a(crc.c.obj)
 .iram1.literal
                0x0000000040100170       0x14 ../log/liblog_boot.a(log.c.obj)
                                         0x24 (size before relaxing)
 .iram1.literal
                0x0000000040100184       0x10 ../esp8266/libesp8266_boot.a(ets_printf.c.obj)
 .text.call_start_cpu
                0x0000000040100194       0x75 CMakeFiles/bootloader.dir/home/paolo/esp2866/espressif/ESP8266_RTOS_SDK/components/bootloader/subproject/main/bootloader_start.c.obj
                                         0x85 (size before relaxing)
                0x0000000040100194                call_start_cpu
 *fill*         0x0000000040100209        0x3 
 .text.bootloader_init
                0x000000004010020c       0xbe ../bootloaderSupport/libbootloaderSupport_boot.a(bootloader_init.c.obj)
                                         0xd2 (size before relaxing)
                0x000000004010020c                bootloader_init
 *fill*         0x00000000401002ca        0x2 
 .text.log_invalid_app_partition
                0x00000000401002cc       0x3a ../bootloaderSupport/libbootloaderSupport_boot.a(bootloader_utility.c.obj)
                                         0x3d (size before relaxing)
 *fill*         0x0000000040100306        0x2 
 .text.try_load_partition
                0x0000000040100308       0x3b ../bootloaderSupport/libbootloaderSupport_boot.a(bootloader_utility.c.obj)
                                         0x3f (size before relaxing)
 *fill*         0x0000000040100343        0x1 
 .text.bootloader_utility_load_partition_table
                0x0000000040100344      0x15b ../bootloaderSupport/libbootloaderSupport_boot.a(bootloader_utility.c.obj)
                                        0x173 (size before relaxing)
                0x0000000040100344                bootloader_utility_load_partition_table
 *fill*         0x000000004010049f        0x1 
 .text.bootloader_utility_get_selected_boot_partition
                0x00000000401004a0      0x107 ../bootloaderSupport/libbootloaderSupport_boot.a(bootloader_utility.c.obj)
                                        0x11a (size before relaxing)
                0x00000000401004a0                bootloader_utility_get_selected_boot_partition
 *fill*         0x00000000401005a7        0x1 
 .text.bootloader_utility_load_boot_image
                0x00000000401005a8       0xd2 ../bootloaderSupport/libbootloaderSupport_boot.a(bootloader_utility.c.obj)
                                         0xea (size before relaxing)
                0x00000000401005a8                bootloader_utility_load_boot_image
 *fill*         0x000000004010067a        0x2 
 .text.bootloader_utility_load_image
                0x000000004010067c       0x6c ../bootloaderSupport/libbootloaderSupport_boot.a(bootloader_utility.c.obj)
                0x000000004010067c                bootloader_utility_load_image
 .text.bootloader_common_ota_select_crc
                0x00000000401006e8       0x18 ../bootloaderSupport/libbootloaderSupport_boot.a(bootloader_common.c.obj)
                0x00000000401006e8                bootloader_common_ota_select_crc
 .text.bootloader_common_ota_select_valid
                0x0000000040100700       0x2d ../bootloaderSupport/libbootloaderSupport_boot.a(bootloader_common.c.obj)
                0x0000000040100700                bootloader_common_ota_select_valid
 *fill*         0x000000004010072d        0x3 
 .text.esp_partition_table_basic_verify
                0x0000000040100730       0xce ../bootloaderSupport/libbootloaderSupport_boot.a(flash_partitions.c.obj)
                                         0xd2 (size before relaxing)
                0x0000000040100730                esp_partition_table_basic_verify
 *fill*         0x00000000401007fe        0x2 
 .text.esp_image_load
                0x0000000040100800      0x2dc ../bootloaderSupport/libbootloaderSupport_boot.a(esp_image_format.c.obj)
                                        0x2f8 (size before relaxing)
                0x0000000040100800                esp_image_load
 .text.bootloader_mmap
                0x0000000040100adc       0x6a ../bootloaderSupport/libbootloaderSupport_boot.a(bootloader_flash.c.obj)
                                         0x6e (size before relaxing)
                0x0000000040100adc                bootloader_mmap
 *fill*         0x0000000040100b46        0x2 
 .text.bootloader_munmap
                0x0000000040100b48       0x23 ../bootloaderSupport/libbootloaderSupport_boot.a(bootloader_flash.c.obj)
                0x0000000040100b48                bootloader_munmap
 *fill*         0x0000000040100b6b        0x1 
 .text.bootloader_flash_read
                0x0000000040100b6c       0x5d ../bootloaderSupport/libbootloaderSupport_boot.a(bootloader_flash.c.obj)
                                         0x61 (size before relaxing)
                0x0000000040100b6c                bootloader_flash_read
 *fill*         0x0000000040100bc9        0x3 
 .text.crc32_le
                0x0000000040100bcc       0x2f ../util/libutil.a(crc.c.obj)
                0x0000000040100bcc                crc32_le
 *fill*         0x0000000040100bfb        0x0 
 *fill*         0x0000000040100bfb        0x1 
 .text.index_to_partition
                0x0000000040100bfc       0x41 ../bootloaderSupport/libbootloaderSupport_boot.a(bootloader_utility.c.obj)
 *fill*         0x0000000040100c3d        0x0 
 *fill*         0x0000000040100c3d        0x0 
 *fill*         0x0000000040100c3d        0x0 
 *fill*         0x0000000040100c3d        0x0 
 *fill*         0x0000000040100c3d        0x0 
 *fill*         0x0000000040100c3d        0x0 
 *fill*         0x0000000040100c3d        0x0 
 *fill*         0x0000000040100c3d        0x0 
 *fill*         0x0000000040100c3d        0x0 
 *fill*         0x0000000040100c3d        0x0 
 *fill*         0x0000000040100c3d        0x0 
 *fill*         0x0000000040100c3d        0x3 
 .text          0x0000000040100c40       0x4c /home/paolo/esp2866/esp-open-sdk/xtensa-lx106-elf/lib/gcc/xtensa-lx106-elf/4.8.5/libgcc.a(_udivsi3.o)
                0x0000000040100c40                __udivsi3
 .text          0x0000000040100c8c       0x39 /home/paolo/esp2866/esp-open-sdk/xtensa-lx106-elf/lib/gcc/xtensa-lx106-elf/4.8.5/libgcc.a(_umodsi3.o)
                0x0000000040100c8c                __umodsi3
 *(.iram1 .iram1.*)
 *fill*         0x0000000040100cc5        0x3 
 .iram1         0x0000000040100cc8       0x67 ../log/liblog_boot.a(log.c.obj)
                                         0x73 (size before relaxing)
                0x0000000040100cc8                esp_early_log_write
 *fill*         0x0000000040100d2f        0x1 
 .iram1         0x0000000040100d30       0x67 ../esp8266/libesp8266_boot.a(ets_printf.c.obj)
                0x0000000040100d30                ets_putc
                0x0000000040100d4c                ets_vprintf
                0x0000000040100d70                ets_printf
 *fill*         0x0000000040100d97        0x0 
 *fill*         0x0000000040100d97        0x0 
 *(.fini.literal)
 *(.fini)
 *(.gnu.version)
                0x0000000040100d97                _text_end = ABSOLUTE (.)
                0x0000000040100d97                _etext = .

.bss            0x000000003ffe8000        0x8
                0x000000003ffe8000                . = ALIGN (0x8)
                0x000000003ffe8000                _bss_start = ABSOLUTE (.)
 *(.dynsbss)
 *(.sbss)
 *(.sbss.*)
 *(.gnu.linkonce.sb.*)
 *(.scommon)
 *(.sbss2)
 *(.sbss2.*)
 *(.gnu.linkonce.sb2.*)
 *(.dynbss)
 *(.bss)
 *(.bss.*)
 .bss.mapped    0x000000003ffe8000        0x1 ../bootloaderSupport/libbootloaderSupport_boot.a(bootloader_flash.c.obj)
 *(.gnu.linkonce.b.*)
 *(COMMON)
                0x000000003ffe8008                . = ALIGN (0x8)
 *fill*         0x000000003ffe8001        0x7 
                0x000000003ffe8008                _bss_end = ABSOLUTE (.)

.data           0x000000003ffe8008        0x0
                0x000000003ffe8008                _data_start = ABSOLUTE (.)
 *(.data)
 *(.data.*)
 *(.gnu.linkonce.d.*)
 *(.data1)
 *(.sdata)
 *(.sdata.*)
 *(.gnu.linkonce.s.*)
 *(.sdata2)
 *(.sdata2.*)
 *(.gnu.linkonce.s2.*)
 *(.jcr)
                0x000000003ffe8008                _data_end = ABSOLUTE (.)

.rodata         0x000000003ffe8008      0xce8
                0x000000003ffe8008                _rodata_start = ABSOLUTE (.)
 *(.rodata)
 *(.rodata.*)
 .rodata.str1.1
                0x000000003ffe8008       0x21 CMakeFiles/bootloader.dir/home/paolo/esp2866/espressif/ESP8266_RTOS_SDK/components/bootloader/subproject/main/bootloader_start.c.obj
 .rodata.str1.1
                0x000000003ffe8029       0xea ../bootloaderSupport/libbootloaderSupport_boot.a(bootloader_init.c.obj)
                                         0xf4 (size before relaxing)
 *fill*         0x000000003ffe8113        0x1 
 .rodata.CSWTCH$8
                0x000000003ffe8114       0x20 ../bootloaderSupport/libbootloaderSupport_boot.a(bootloader_init.c.obj)
 .rodata.CSWTCH$7
                0x000000003ffe8134        0xc ../bootloaderSupport/libbootloaderSupport_boot.a(bootloader_init.c.obj)
 .rodata.CSWTCH$6
                0x000000003ffe8140       0x40 ../bootloaderSupport/libbootloaderSupport_boot.a(bootloader_init.c.obj)
 .rodata.str1.1
                0x000000003ffe8180      0x366 ../bootloaderSupport/libbootloaderSupport_boot.a(bootloader_utility.c.obj)
                                        0x36b (size before relaxing)
 .rodata.str1.1
                0x000000003ffe84e6       0xb1 ../bootloaderSupport/libbootloaderSupport_boot.a(flash_partitions.c.obj)
 .rodata.str1.1
                0x000000003ffe8597      0x1d7 ../bootloaderSupport/libbootloaderSupport_boot.a(esp_image_format.c.obj)
                                        0x1fb (size before relaxing)
 .rodata.str1.1
                0x000000003ffe876e      0x16f ../bootloaderSupport/libbootloaderSupport_boot.a(bootloader_flash.c.obj)
 .rodata.str1.1
                0x000000003ffe88dd        0xd ../log/liblog_boot.a(log.c.obj)
                                          0xf (size before relaxing)
 .rodata.s_log_prefix
                0x000000003ffe88ea        0x6 ../log/liblog_boot.a(log.c.obj)
 .rodata.crc32_le_table
                0x000000003ffe88f0      0x400 ../util/libutil.a(crc.c.obj)
 *(.gnu.linkonce.r.*)
 *(.rodata1)
                0x000000003ffe8cf0                __XT_EXCEPTION_TABLE_ = ABSOLUTE (.)
 *(.xt_except_table)
 *(.gcc_except_table)
 *(.gnu.linkonce.e.*)
 *(.gnu.version_r)
 *(.eh_frame)
                0x000000003ffe8cf0                . = ((. + 0x3) & 0xfffffffffffffffc)
                0x000000003ffe8cf0                __init_array_start = ABSOLUTE (.)
 *crtbegin.o(.ctors)
 *(EXCLUDE_FILE(*crtend.o) .ctors)
 *(SORT(.ctors.*))
 *(.ctors)
                0x000000003ffe8cf0                __init_array_end = ABSOLUTE (.)
 *crtbegin.o(.dtors)
 *(EXCLUDE_FILE(*crtend.o) .dtors)
 *(SORT(.dtors.*))
 *(.dtors)
                0x000000003ffe8cf0                __XT_EXCEPTION_DESCS_ = ABSOLUTE (.)
 *(.xt_except_desc)
 *(.gnu.linkonce.h.*)
                0x000000003ffe8cf0                __XT_EXCEPTION_DESCS_END__ = ABSOLUTE (.)
 *(.xt_except_desc_end)
 *(.dynamic)
 *(.gnu.version_d)
                0x000000003ffe8cf0                _rodata_end = ABSOLUTE (.)
                0x000000003ffe8cf0                _lit4_start = ABSOLUTE (.)
 *(*.lit4)
 *(.lit4.*)
 *(.gnu.linkonce.lit4.*)
                0x000000003ffe8cf0                _lit4_end = ABSOLUTE (.)
                0x000000003ffe8cf0                . = ALIGN (0x4)
                0x000000003ffe8cf0                _heap_start = ABSOLUTE (.)
                [!provide]                        PROVIDE (SPI_sector_erase, 0x400040c0)
                [!provide]                        PROVIDE (SPI_page_program, 0x40004174)
                [!provide]                        PROVIDE (SPI_read_data, 0x400042ac)
                [!provide]                        PROVIDE (SPI_read_status, 0x400043c8)
                [!provide]                        PROVIDE (SPI_write_status, 0x40004400)
                [!provide]                        PROVIDE (SPI_write_enable, 0x4000443c)
                [!provide]                        PROVIDE (Wait_SPI_Idle, 0x4000448c)
                [!provide]                        PROVIDE (Enable_QMode, 0x400044c0)
                [!provide]                        PROVIDE (Disable_QMode, 0x40004508)
                0x0000000040004678                PROVIDE (Cache_Read_Enable, 0x40004678)
                0x00000000400047f0                PROVIDE (Cache_Read_Disable, 0x400047f0)
                [!provide]                        PROVIDE (lldesc_build_chain, 0x40004f40)
                [!provide]                        PROVIDE (lldesc_num2link, 0x40005050)
                [!provide]                        PROVIDE (lldesc_set_owner, 0x4000507c)
                [!provide]                        PROVIDE (__adddf3, 0x4000c538)
                [!provide]                        PROVIDE (__addsf3, 0x4000c180)
                [!provide]                        PROVIDE (__divdf3, 0x4000cb94)
                [!provide]                        PROVIDE (__divdi3, 0x4000ce60)
                [!provide]                        PROVIDE (__divsi3, 0x4000dc88)
                [!provide]                        PROVIDE (__extendsfdf2, 0x4000cdfc)
                [!provide]                        PROVIDE (__fixdfsi, 0x4000ccb8)
                [!provide]                        PROVIDE (__fixunsdfsi, 0x4000cd00)
                [!provide]                        PROVIDE (__fixunssfsi, 0x4000c4c4)
                [!provide]                        PROVIDE (__floatsidf, 0x4000e2f0)
                [!provide]                        PROVIDE (__floatsisf, 0x4000e2ac)
                [!provide]                        PROVIDE (__floatunsidf, 0x4000e2e8)
                [!provide]                        PROVIDE (__floatunsisf, 0x4000e2a4)
                [!provide]                        PROVIDE (__muldf3, 0x4000c8f0)
                [!provide]                        PROVIDE (__muldi3, 0x40000650)
                [!provide]                        PROVIDE (__mulsf3, 0x4000c3dc)
                [!provide]                        PROVIDE (__subdf3, 0x4000c688)
                [!provide]                        PROVIDE (__subsf3, 0x4000c268)
                [!provide]                        PROVIDE (__truncdfsf2, 0x4000cd5c)
                [!provide]                        PROVIDE (__udivdi3, 0x4000d310)
                [!provide]                        PROVIDE (__udivsi3, 0x4000e21c)
                [!provide]                        PROVIDE (__umoddi3, 0x4000d770)
                [!provide]                        PROVIDE (__umodsi3, 0x4000e268)
                [!provide]                        PROVIDE (__umulsidi3, 0x4000dcf0)
                [!provide]                        PROVIDE (bzero, 0x4000de84)
                [!provide]                        PROVIDE (memcmp, 0x4000dea8)
                0x000000004000df48                PROVIDE (memcpy, 0x4000df48)
                [!provide]                        PROVIDE (memmove, 0x4000e04c)
                0x000000004000e190                PROVIDE (memset, 0x4000e190)
                [!provide]                        PROVIDE (strcmp, 0x4000bdc8)
                [!provide]                        PROVIDE (strcpy, 0x4000bec8)
                [!provide]                        PROVIDE (strlen, 0x4000bf4c)
                [!provide]                        PROVIDE (strncmp, 0x4000bfa8)
                [!provide]                        PROVIDE (strncpy, 0x4000c0a0)
                [!provide]                        PROVIDE (strstr, 0x4000e1e0)
                [!provide]                        PROVIDE (gpio_input_get, 0x40004cf0)
                [!provide]                        PROVIDE (gpio_pin_wakeup_disable, 0x40004ed4)
                [!provide]                        PROVIDE (gpio_pin_wakeup_enable, 0x40004e90)
                0x0000000040001f00                PROVIDE (ets_io_vprintf, 0x40001f00)
                [!provide]                        PROVIDE (ets_memcpy, 0x400018b4)
                [!provide]                        PROVIDE (ets_printf, 0x400024cc)
                0x0000000040004b1c                PROVIDE (SPIRead, 0x40004b1c)
                0x000000004000dd38                PROVIDE (xthal_get_ccount, 0x4000dd38)
OUTPUT(bootloader.elf elf32-xtensa-le)

.debug_frame    0x0000000000000000      0x40c
 .debug_frame   0x0000000000000000       0x34 CMakeFiles/bootloader.dir/home/paolo/esp2866/espressif/ESP8266_RTOS_SDK/components/bootloader/subproject/main/bootloader_start.c.obj
 .debug_frame   0x0000000000000034       0x30 ../bootloaderSupport/libbootloaderSupport_boot.a(bootloader_init.c.obj)
 .debug_frame   0x0000000000000064      0x11c ../bootloaderSupport/libbootloaderSupport_boot.a(bootloader_utility.c.obj)
 .debug_frame   0x0000000000000180       0x54 ../bootloaderSupport/libbootloaderSupport_boot.a(bootloader_common.c.obj)
 .debug_frame   0x00000000000001d4       0x38 ../bootloaderSupport/libbootloaderSupport_boot.a(flash_partitions.c.obj)
 .debug_frame   0x000000000000020c       0x6c ../bootloaderSupport/libbootloaderSupport_boot.a(esp_image_format.c.obj)
 .debug_frame   0x0000000000000278       0xd0 ../bootloaderSupport/libbootloaderSupport_boot.a(bootloader_flash.c.obj)
 .debug_frame   0x0000000000000348       0x34 ../log/liblog_boot.a(log.c.obj)
 .debug_frame   0x000000000000037c       0x60 ../esp8266/libesp8266_boot.a(ets_printf.c.obj)
 .debug_frame   0x00000000000003dc       0x30 ../util/libutil.a(crc.c.obj)

.debug_info     0x0000000000000000     0x3450
 .debug_info    0x0000000000000000      0x54b CMakeFiles/bootloader.dir/home/paolo/esp2866/espressif/ESP8266_RTOS_SDK/components/bootloader/subproject/main/bootloader_start.c.obj
 .debug_info    0x000000000000054b      0x46a ../bootloaderSupport/libbootloaderSupport_boot.a(bootloader_init.c.obj)
 .debug_info    0x00000000000009b5      0xd37 ../bootloaderSupport/libbootloaderSupport_boot.a(bootloader_utility.c.obj)
 .debug_info    0x00000000000016ec      0x199 ../bootloaderSupport/libbootloaderSupport_boot.a(bootloader_common.c.obj)
 .debug_info    0x0000000000001885      0x36f ../bootloaderSupport/libbootloaderSupport_boot.a(flash_partitions.c.obj)
 .debug_info    0x0000000000001bf4      0xbcd ../bootloaderSupport/libbootloaderSupport_boot.a(esp_image_format.c.obj)
 .debug_info    0x00000000000027c1      0x513 ../bootloaderSupport/libbootloaderSupport_boot.a(bootloader_flash.c.obj)
 .debug_info    0x0000000000002cd4      0x253 ../log/liblog_boot.a(log.c.obj)
 .debug_info    0x0000000000002f27      0x1d7 ../esp8266/libesp8266_boot.a(ets_printf.c.obj)
 .debug_info    0x00000000000030fe      0x14c ../util/libutil.a(crc.c.obj)
 .debug_info    0x000000000000324a      0x103 /home/paolo/esp2866/esp-open-sdk/xtensa-lx106-elf/lib/gcc/xtensa-lx106-elf/4.8.5/libgcc.a(_udivsi3.o)
 .debug_info    0x000000000000334d      0x103 /home/paolo/esp2866/esp-open-sdk/xtensa-lx106-elf/lib/gcc/xtensa-lx106-elf/4.8.5/libgcc.a(_umodsi3.o)

.debug_abbrev   0x0000000000000000     0x1187
 .debug_abbrev  0x0000000000000000      0x22c CMakeFiles/bootloader.dir/home/paolo/esp2866/espressif/ESP8266_RTOS_SDK/components/bootloader/subproject/main/bootloader_start.c.obj
 .debug_abbrev  0x000000000000022c      0x1d7 ../bootloaderSupport/libbootloaderSupport_boot.a(bootloader_init.c.obj)
 .debug_abbrev  0x0000000000000403      0x2d4 ../bootloaderSupport/libbootloaderSupport_boot.a(bootloader_utility.c.obj)
 .debug_abbrev  0x00000000000006d7       0xfc ../bootloaderSupport/libbootloaderSupport_boot.a(bootloader_common.c.obj)
 .debug_abbrev  0x00000000000007d3      0x1a6 ../bootloaderSupport/libbootloaderSupport_boot.a(flash_partitions.c.obj)
 .debug_abbrev  0x0000000000000979      0x298 ../bootloaderSupport/libbootloaderSupport_boot.a(esp_image_format.c.obj)
 .debug_abbrev  0x0000000000000c11      0x1f5 ../bootloaderSupport/libbootloaderSupport_boot.a(bootloader_flash.c.obj)
 .debug_abbrev  0x0000000000000e06      0x19c ../log/liblog_boot.a(log.c.obj)
 .debug_abbrev  0x0000000000000fa2      0x10e ../esp8266/libesp8266_boot.a(ets_printf.c.obj)
 .debug_abbrev  0x00000000000010b0       0xaf ../util/libutil.a(crc.c.obj)
 .debug_abbrev  0x000000000000115f       0x14 /home/paolo/esp2866/esp-open-sdk/xtensa-lx106-elf/lib/gcc/xtensa-lx106-elf/4.8.5/libgcc.a(_udivsi3.o)
 .debug_abbrev  0x0000000000001173       0x14 /home/paolo/esp2866/esp-open-sdk/xtensa-lx106-elf/lib/gcc/xtensa-lx106-elf/4.8.5/libgcc.a(_umodsi3.o)

.debug_loc      0x0000000000000000     0x1350
 .debug_loc     0x0000000000000000       0x7c CMakeFiles/bootloader.dir/home/paolo/esp2866/espressif/ESP8266_RTOS_SDK/components/bootloader/subproject/main/bootloader_start.c.obj
 .debug_loc     0x000000000000007c       0x4a ../bootloaderSupport/libbootloaderSupport_boot.a(bootloader_init.c.obj)
 .debug_loc     0x00000000000000c6      0x5f4 ../bootloaderSupport/libbootloaderSupport_boot.a(bootloader_utility.c.obj)
 .debug_loc     0x00000000000006ba       0x4d ../bootloaderSupport/libbootloaderSupport_boot.a(bootloader_common.c.obj)
 .debug_loc     0x0000000000000707       0xf5 ../bootloaderSupport/libbootloaderSupport_boot.a(flash_partitions.c.obj)
 .debug_loc     0x00000000000007fc      0x5d2 ../bootloaderSupport/libbootloaderSupport_boot.a(esp_image_format.c.obj)
 .debug_loc     0x0000000000000dce      0x336 ../bootloaderSupport/libbootloaderSupport_boot.a(bootloader_flash.c.obj)
 .debug_loc     0x0000000000001104       0x8c ../log/liblog_boot.a(log.c.obj)
 .debug_loc     0x0000000000001190       0x67 ../esp8266/libesp8266_boot.a(ets_printf.c.obj)
 .debug_loc     0x00000000000011f7      0x159 ../util/libutil.a(crc.c.obj)

.debug_aranges  0x0000000000000000      0x1f8
 .debug_aranges
                0x0000000000000000       0x20 CMakeFiles/bootloader.dir/home/paolo/esp2866/espressif/ESP8266_RTOS_SDK/components/bootloader/subproject/main/bootloader_start.c.obj
 .debug_aranges
                0x0000000000000020       0x20 ../bootloaderSupport/libbootloaderSupport_boot.a(bootloader_init.c.obj)
 .debug_aranges
                0x0000000000000040       0x50 ../bootloaderSupport/libbootloaderSupport_boot.a(bootloader_utility.c.obj)
 .debug_aranges
                0x0000000000000090       0x28 ../bootloaderSupport/libbootloaderSupport_boot.a(bootloader_common.c.obj)
 .debug_aranges
                0x00000000000000b8       0x20 ../bootloaderSupport/libbootloaderSupport_boot.a(flash_partitions.c.obj)
 .debug_aranges
                0x00000000000000d8       0x28 ../bootloaderSupport/libbootloaderSupport_boot.a(esp_image_format.c.obj)
 .debug_aranges
                0x0000000000000100       0x40 ../bootloaderSupport/libbootloaderSupport_boot.a(bootloader_flash.c.obj)
 .debug_aranges
                0x0000000000000140       0x20 ../log/liblog_boot.a(log.c.obj)
 .debug_aranges
                0x0000000000000160       0x30 ../esp8266/libesp8266_boot.a(ets_printf.c.obj)
 .debug_aranges
                0x0000000000000190       0x28 ../util/libutil.a(crc.c.obj)
 .debug_aranges
                0x00000000000001b8       0x20 /home/paolo/esp2866/esp-open-sdk/xtensa-lx106-elf/lib/gcc/xtensa-lx106-elf/4.8.5/libgcc.a(_udivsi3.o)
 .debug_aranges
                0x00000000000001d8       0x20 /home/paolo/esp2866/esp-open-sdk/xtensa-lx106-elf/lib/gcc/xtensa-lx106-elf/4.8.5/libgcc.a(_umodsi3.o)

.debug_ranges   0x0000000000000000      0x220
 .debug_ranges  0x0000000000000000       0x10 CMakeFiles/bootloader.dir/home/paolo/esp2866/espressif/ESP8266_RTOS_SDK/components/bootloader/subproject/main/bootloader_start.c.obj
 .debug_ranges  0x0000000000000010       0x10 ../bootloaderSupport/libbootloaderSupport_boot.a(bootloader_init.c.obj)
 .debug_ranges  0x0000000000000020       0x70 ../bootloaderSupport/libbootloaderSupport_boot.a(bootloader_utility.c.obj)
 .debug_ranges  0x0000000000000090       0x18 ../bootloaderSupport/libbootloaderSupport_boot.a(bootloader_common.c.obj)
 .debug_ranges  0x00000000000000a8       0x28 ../bootloaderSupport/libbootloaderSupport_boot.a(flash_partitions.c.obj)
 .debug_ranges  0x00000000000000d0       0xd8 ../bootloaderSupport/libbootloaderSupport_boot.a(esp_image_format.c.obj)
 .debug_ranges  0x00000000000001a8       0x30 ../bootloaderSupport/libbootloaderSupport_boot.a(bootloader_flash.c.obj)
 .debug_ranges  0x00000000000001d8       0x10 ../log/liblog_boot.a(log.c.obj)
 .debug_ranges  0x00000000000001e8       0x20 ../esp8266/libesp8266_boot.a(ets_printf.c.obj)
 .debug_ranges  0x0000000000000208       0x18 ../util/libutil.a(crc.c.obj)

.debug_line     0x0000000000000000     0x23f3
 .debug_line    0x0000000000000000      0x33a CMakeFiles/bootloader.dir/home/paolo/esp2866/espressif/ESP8266_RTOS_SDK/components/bootloader/subproject/main/bootloader_start.c.obj
 .debug_line    0x000000000000033a      0x274 ../bootloaderSupport/libbootloaderSupport_boot.a(bootloader_init.c.obj)
 .debug_line    0x00000000000005ae      0x7a7 ../bootloaderSupport/libbootloaderSupport_boot.a(bootloader_utility.c.obj)
 .debug_line    0x0000000000000d55      0x1a4 ../bootloaderSupport/libbootloaderSupport_boot.a(bootloader_common.c.obj)
 .debug_line    0x0000000000000ef9      0x2ac ../bootloaderSupport/libbootloaderSupport_boot.a(flash_partitions.c.obj)
 .debug_line    0x00000000000011a5      0x653 ../bootloaderSupport/libbootloaderSupport_boot.a(esp_image_format.c.obj)
 .debug_line    0x00000000000017f8      0x3a1 ../bootloaderSupport/libbootloaderSupport_boot.a(bootloader_flash.c.obj)
 .debug_line    0x0000000000001b99      0x29a ../log/liblog_boot.a(log.c.obj)
 .debug_line    0x0000000000001e33      0x227 ../esp8266/libesp8266_boot.a(ets_printf.c.obj)
 .debug_line    0x000000000000205a      0x167 ../util/libutil.a(crc.c.obj)
 .debug_line    0x00000000000021c1      0x131 /home/paolo/esp2866/esp-open-sdk/xtensa-lx106-elf/lib/gcc/xtensa-lx106-elf/4.8.5/libgcc.a(_udivsi3.o)
 .debug_line    0x00000000000022f2      0x101 /home/paolo/esp2866/esp-open-sdk/xtensa-lx106-elf/lib/gcc/xtensa-lx106-elf/4.8.5/libgcc.a(_umodsi3.o)

.debug_str      0x0000000000000000     0x1041
 .debug_str     0x0000000000000000      0x47c CMakeFiles/bootloader.dir/home/paolo/esp2866/espressif/ESP8266_RTOS_SDK/components/bootloader/subproject/main/bootloader_start.c.obj
                                        0x4ed (size before relaxing)
 .debug_str     0x000000000000047c      0x2b9 ../bootloaderSupport/libbootloaderSupport_boot.a(bootloader_init.c.obj)
                                        0x546 (size before relaxing)
 .debug_str     0x0000000000000735      0x276 ../bootloaderSupport/libbootloaderSupport_boot.a(bootloader_utility.c.obj)
                                        0x6eb (size before relaxing)
 .debug_str     0x00000000000009ab       0x8f ../bootloaderSupport/libbootloaderSupport_boot.a(bootloader_common.c.obj)
                                        0x244 (size before relaxing)
 .debug_str     0x0000000000000a3a       0x98 ../bootloaderSupport/libbootloaderSupport_boot.a(flash_partitions.c.obj)
                                        0x348 (size before relaxing)
 .debug_str     0x0000000000000ad2      0x1c4 ../bootloaderSupport/libbootloaderSupport_boot.a(esp_image_format.c.obj)
                                        0x796 (size before relaxing)
 .debug_str     0x0000000000000c96      0x17e ../bootloaderSupport/libbootloaderSupport_boot.a(bootloader_flash.c.obj)
                                        0x3f3 (size before relaxing)
 .debug_str     0x0000000000000e14      0x110 ../log/liblog_boot.a(log.c.obj)
                                        0x2ae (size before relaxing)
 .debug_str     0x0000000000000f24       0xbc ../esp8266/libesp8266_boot.a(ets_printf.c.obj)
                                        0x1fb (size before relaxing)
 .debug_str     0x0000000000000fe0       0x61 ../util/libutil.a(crc.c.obj)
                                        0x15e (size before relaxing)

.comment        0x0000000000000000       0x3b
 .comment       0x0000000000000000       0x3b CMakeFiles/bootloader.dir/home/paolo/esp2866/espressif/ESP8266_RTOS_SDK/components/bootloader/subproject/main/bootloader_start.c.obj
                                         0x3c (size before relaxing)
 .comment       0x000000000000003b       0x3c ../bootloaderSupport/libbootloaderSupport_boot.a(bootloader_init.c.obj)
 .comment       0x000000000000003b       0x3c ../bootloaderSupport/libbootloaderSupport_boot.a(bootloader_utility.c.obj)
 .comment       0x000000000000003b       0x3c ../bootloaderSupport/libbootloaderSupport_boot.a(bootloader_common.c.obj)
 .comment       0x000000000000003b       0x3c ../bootloaderSupport/libbootloaderSupport_boot.a(flash_partitions.c.obj)
 .comment       0x000000000000003b       0x3c ../bootloaderSupport/libbootloaderSupport_boot.a(esp_image_format.c.obj)
 .comment       0x000000000000003b       0x3c ../bootloaderSupport/libbootloaderSupport_boot.a(bootloader_flash.c.obj)
 .comment       0x000000000000003b       0x3c ../log/liblog_boot.a(log.c.obj)
 .comment       0x000000000000003b       0x3c ../esp8266/libesp8266_boot.a(ets_printf.c.obj)
 .comment       0x000000000000003b       0x3c ../util/libutil.a(crc.c.obj)

.xtensa.info    0x0000000000000000       0x38
 .xtensa.info   0x0000000000000000       0x38 CMakeFiles/bootloader.dir/home/paolo/esp2866/espressif/ESP8266_RTOS_SDK/components/bootloader/subproject/main/bootloader_start.c.obj
 .xtensa.info   0x0000000000000038        0x0 ../bootloaderSupport/libbootloaderSupport_boot.a(bootloader_init.c.obj)
 .xtensa.info   0x0000000000000038        0x0 ../bootloaderSupport/libbootloaderSupport_boot.a(bootloader_utility.c.obj)
 .xtensa.info   0x0000000000000038        0x0 ../bootloaderSupport/libbootloaderSupport_boot.a(bootloader_common.c.obj)
 .xtensa.info   0x0000000000000038        0x0 ../bootloaderSupport/libbootloaderSupport_boot.a(flash_partitions.c.obj)
 .xtensa.info   0x0000000000000038        0x0 ../bootloaderSupport/libbootloaderSupport_boot.a(esp_image_format.c.obj)
 .xtensa.info   0x0000000000000038        0x0 ../bootloaderSupport/libbootloaderSupport_boot.a(bootloader_flash.c.obj)
 .xtensa.info   0x0000000000000038        0x0 ../log/liblog_boot.a(log.c.obj)
 .xtensa.info   0x0000000000000038        0x0 ../esp8266/libesp8266_boot.a(ets_printf.c.obj)
 .xtensa.info   0x0000000000000038        0x0 ../util/libutil.a(crc.c.obj)
 .xtensa.info   0x0000000000000038        0x0 /home/paolo/esp2866/esp-open-sdk/xtensa-lx106-elf/lib/gcc/xtensa-lx106-elf/4.8.5/libgcc.a(_udivsi3.o)
 .xtensa.info   0x0000000000000038        0x0 /home/paolo/esp2866/esp-open-sdk/xtensa-lx106-elf/lib/gcc/xtensa-lx106-elf/4.8.5/libgcc.a(_umodsi3.o)
